// Jest Snapshot v1, https://goo.gl/fbAQLP

exports[`Loading Renders the <Loading/> component 1`] = `
<div
  class="sc-bczRLJ iyeZps"
  data-testid="loading"
>
  <img
    class="sc-gsnTZi gCXfDn"
    data-testid="loading-picture"
    src="/images/users//images/karl.png.png"
  />
</div>
`;

exports[`Loading renders the <Loading.ReleaseBody/> 1`] = `null`;
